** Drc report for C:/Users/mitar/source/repos/gh60/keyboard.kicad_pcb **
** Created on  **

** Found 181 DRC errors **
ErrType(19): パッドがパッドに近すぎます
    @(71.120 mm, 149.987 mm): パッド S0512 ( 全ての導体レイヤー 上)
    @(73.819 mm, 150.019 mm): パッド S05 ( 全ての導体レイヤー 上)
ErrType(19): パッドがパッドに近すぎます
    @(72.390 mm, 147.447 mm): パッド 1 - S0512 ( 全ての導体レイヤー 上)
    @(73.819 mm, 150.019 mm): パッド S05 ( 全ての導体レイヤー 上)
ErrType(19): パッドがパッドに近すぎます
    @(73.503 mm, 111.920 mm): パッド S03 ( 全ての導体レイヤー 上)
    @(73.820 mm, 111.920 mm): パッド S031 ( 全ての導体レイヤー 上)
ErrType(19): パッドがパッドに近すぎます
    @(73.819 mm, 150.019 mm): パッド S05 ( 全ての導体レイヤー 上)
    @(76.200 mm, 149.987 mm): パッド S0512 ( 全ての導体レイヤー 上)
ErrType(19): パッドがパッドに近すぎます
    @(73.820 mm, 111.920 mm): パッド S031 ( 全ての導体レイヤー 上)
    @(74.773 mm, 109.380 mm): パッド 1 - S03 ( 全ての導体レイヤー 上)
ErrType(19): パッドがパッドに近すぎます
    @(74.930 mm, 155.099 mm): パッド 1 - DB051 ( 全ての導体レイヤー 上)
    @(75.089 mm, 155.099 mm): パッド 2 - DB05 ( 全ての導体レイヤー 上)
ErrType(19): パッドがパッドに近すぎます
    @(76.200 mm, 149.987 mm): パッド S0512 ( 全ての導体レイヤー 上)
    @(78.899 mm, 150.019 mm): パッド S05 ( 全ての導体レイヤー 上)
ErrType(19): パッドがパッドに近すぎます
    @(78.264 mm, 130.969 mm): パッド S04 ( 全ての導体レイヤー 上)
    @(78.900 mm, 130.970 mm): パッド S041 ( 全ての導体レイヤー 上)
ErrType(19): パッドがパッドに近すぎます
    @(78.583 mm, 111.920 mm): パッド S03 ( 全ての導体レイヤー 上)
    @(78.900 mm, 111.920 mm): パッド S031 ( 全ての導体レイヤー 上)
ErrType(19): パッドがパッドに近すぎます
    @(88.424 mm, 130.969 mm): パッド S04 ( 全ての導体レイヤー 上)
    @(90.170 mm, 130.970 mm): パッド S09 ( 全ての導体レイヤー 上)
ErrType(19): パッドがパッドに近すぎます
    @(94.996 mm, 149.987 mm): パッド S101 ( 全ての導体レイヤー 上)
    @(97.631 mm, 150.019 mm): パッド S10 ( 全ての導体レイヤー 上)
ErrType(19): パッドがパッドに近すぎます
    @(96.266 mm, 147.447 mm): パッド 1 - S101 ( 全ての導体レイヤー 上)
    @(97.631 mm, 150.019 mm): パッド S10 ( 全ての導体レイヤー 上)
ErrType(19): パッドがパッドに近すぎます
    @(97.631 mm, 150.019 mm): パッド S10 ( 全ての導体レイヤー 上)
    @(99.695 mm, 149.987 mm): パッド S102 ( 全ての導体レイヤー 上)
ErrType(19): パッドがパッドに近すぎます
    @(98.743 mm, 155.099 mm): パッド 1 - DB101 ( 全ての導体レイヤー 上)
    @(98.901 mm, 155.099 mm): パッド 2 - DB10 ( 全ての導体レイヤー 上)
ErrType(19): パッドがパッドに近すぎます
    @(99.695 mm, 149.987 mm): パッド S102 ( 全ての導体レイヤー 上)
    @(100.076 mm, 149.987 mm): パッド S101 ( 全ての導体レイヤー 上)
ErrType(19): パッドがパッドに近すぎます
    @(100.076 mm, 149.987 mm): パッド S101 ( 全ての導体レイヤー 上)
    @(100.965 mm, 147.447 mm): パッド 1 - S102 ( 全ての導体レイヤー 上)
ErrType(19): パッドがパッドに近すぎます
    @(100.171 mm, 144.939 mm): パッド 2 - S10 ( 全ての導体レイヤー 上)
    @(100.965 mm, 147.447 mm): パッド 1 - S102 ( 全ての導体レイヤー 上)
ErrType(19): パッドがパッドに近すぎます
    @(102.711 mm, 150.019 mm): パッド S10 ( 全ての導体レイヤー 上)
    @(104.775 mm, 149.987 mm): パッド S102 ( 全ての導体レイヤー 上)
ErrType(19): パッドがパッドに近すぎます
    @(104.775 mm, 149.987 mm): パッド S102 ( 全ての導体レイヤー 上)
    @(105.156 mm, 149.987 mm): パッド S101 ( 全ての導体レイヤー 上)
ErrType(19): パッドがパッドに近すぎます
    @(118.745 mm, 149.987 mm): パッド S151 ( 全ての導体レイヤー 上)
    @(121.444 mm, 150.019 mm): パッド S15 ( 全ての導体レイヤー 上)
ErrType(19): パッドがパッドに近すぎます
    @(120.015 mm, 147.447 mm): パッド 1 - S151 ( 全ての導体レイヤー 上)
    @(121.444 mm, 150.019 mm): パッド S15 ( 全ての導体レイヤー 上)
ErrType(19): パッドがパッドに近すぎます
    @(121.444 mm, 150.019 mm): パッド S15 ( 全ての導体レイヤー 上)
    @(123.825 mm, 149.987 mm): パッド S151 ( 全ての導体レイヤー 上)
ErrType(19): パッドがパッドに近すぎます
    @(122.555 mm, 155.099 mm): パッド 1 - DB151 ( 全ての導体レイヤー 上)
    @(122.714 mm, 155.099 mm): パッド 2 - DB15 ( 全ての導体レイヤー 上)
ErrType(19): パッドがパッドに近すぎます
    @(123.825 mm, 149.987 mm): パッド S151 ( 全ての導体レイヤー 上)
    @(126.524 mm, 150.019 mm): パッド S15 ( 全ての導体レイヤー 上)
ErrType(19): パッドがパッドに近すぎます
    @(185.738 mm, 150.019 mm): パッド S302 ( 全ての導体レイヤー 上)
    @(187.801 mm, 150.019 mm): パッド S30 ( 全ての導体レイヤー 上)
ErrType(19): パッドがパッドに近すぎます
    @(186.055 mm, 111.920 mm): パッド S28 ( 全ての導体レイヤー 上)
    @(190.490 mm, 111.620 mm): パッド 1 - HOLE ( 全ての導体レイヤー 上)
ErrType(19): パッドがパッドに近すぎます
    @(188.278 mm, 144.939 mm): パッド 2 - S302 ( 全ての導体レイヤー 上)
    @(189.071 mm, 147.479 mm): パッド 1 - S30 ( 全ての導体レイヤー 上)
ErrType(19): パッドがパッドに近すぎます
    @(190.490 mm, 111.620 mm): パッド 1 - HOLE ( 全ての導体レイヤー 上)
    @(194.945 mm, 111.920 mm): パッド S33 ( 全ての導体レイヤー 上)
ErrType(19): パッドがパッドに近すぎます
    @(190.817 mm, 150.019 mm): パッド S302 ( 全ての導体レイヤー 上)
    @(192.881 mm, 150.019 mm): パッド S30 ( 全ての導体レイヤー 上)
ErrType(19): パッドがパッドに近すぎます
    @(197.961 mm, 150.019 mm): パッド S30 ( 全ての導体レイヤー 上)
    @(199.708 mm, 150.020 mm): パッド S301 ( 全ての導体レイヤー 上)
ErrType(19): パッドがパッドに近すぎます
    @(261.620 mm, 150.019 mm): パッド S552 ( 全ての導体レイヤー 上)
    @(264.319 mm, 150.019 mm): パッド S55 ( 全ての導体レイヤー 上)
ErrType(19): パッドがパッドに近すぎます
    @(261.938 mm, 157.005 mm): パッド MXST ( 全ての導体レイヤー 上)
    @(263.049 mm, 155.099 mm): パッド 1 - DB55 ( 全ての導体レイヤー 上)
ErrType(19): パッドがパッドに近すぎます
    @(262.890 mm, 147.479 mm): パッド 1 - S552 ( 全ての導体レイヤー 上)
    @(264.319 mm, 150.019 mm): パッド S55 ( 全ての導体レイヤー 上)
ErrType(19): パッドがパッドに近すぎます
    @(264.319 mm, 150.019 mm): パッド S55 ( 全ての導体レイヤー 上)
    @(266.700 mm, 150.019 mm): パッド S552 ( 全ての導体レイヤー 上)
ErrType(19): パッドがパッドに近すぎます
    @(265.430 mm, 155.099 mm): パッド 1 - DB551 ( 全ての導体レイヤー 上)
    @(265.589 mm, 155.099 mm): パッド 2 - DB55 ( 全ての導体レイヤー 上)
ErrType(19): パッドがパッドに近すぎます
    @(266.700 mm, 150.019 mm): パッド S552 ( 全ての導体レイヤー 上)
    @(269.399 mm, 150.019 mm): パッド S55 ( 全ての導体レイヤー 上)
ErrType(19): パッドがパッドに近すぎます
    @(283.051 mm, 150.019 mm): パッド S60 ( 全ての導体レイヤー 上)
    @(285.750 mm, 150.019 mm): パッド S601 ( 全ての導体レイヤー 上)
ErrType(19): パッドがパッドに近すぎます
    @(284.321 mm, 147.479 mm): パッド 1 - S60 ( 全ての導体レイヤー 上)
    @(285.750 mm, 150.019 mm): パッド S601 ( 全ての導体レイヤー 上)
ErrType(19): パッドがパッドに近すぎます
    @(285.433 mm, 150.019 mm): パッド S602 ( 全ての導体レイヤー 上)
    @(285.750 mm, 150.019 mm): パッド S601 ( 全ての導体レイヤー 上)
ErrType(19): パッドがパッドに近すぎます
    @(285.750 mm, 150.019 mm): パッド S601 ( 全ての導体レイヤー 上)
    @(286.702 mm, 147.479 mm): パッド 1 - S602 ( 全ての導体レイヤー 上)
ErrType(19): パッドがパッドに近すぎます
    @(286.702 mm, 147.479 mm): パッド 1 - S602 ( 全ての導体レイヤー 上)
    @(288.131 mm, 150.019 mm): パッド S60 ( 全ての導体レイヤー 上)
ErrType(19): パッドがパッドに近すぎます
    @(286.861 mm, 155.099 mm): パッド 1 - DF23 ( 全ての導体レイヤー 上)
    @(287.020 mm, 155.099 mm): パッド 2 - DF231 ( 全ての導体レイヤー 上)
ErrType(19): パッドがパッドに近すぎます
    @(288.131 mm, 150.019 mm): パッド S60 ( 全ての導体レイヤー 上)
    @(290.512 mm, 150.019 mm): パッド S602 ( 全ての導体レイヤー 上)
ErrType(19): パッドがパッドに近すぎます
    @(289.243 mm, 155.099 mm): パッド 1 - DF232 ( 全ての導体レイヤー 上)
    @(289.401 mm, 155.099 mm): パッド 2 - DF23 ( 全ての導体レイヤー 上)
ErrType(19): パッドがパッドに近すぎます
    @(290.512 mm, 150.019 mm): パッド S602 ( 全ての導体レイヤー 上)
    @(290.830 mm, 150.019 mm): パッド S601 ( 全ての導体レイヤー 上)
ErrType(19): パッドがパッドに近すぎます
    @(304.800 mm, 130.969 mm): パッド S64 ( 全ての導体レイヤー 上)
    @(306.864 mm, 130.969 mm): パッド S692 ( 全ての導体レイヤー 上)
ErrType(19): パッドがパッドに近すぎます
    @(306.864 mm, 150.019 mm): パッド S65 ( 全ての導体レイヤー 上)
    @(309.562 mm, 150.019 mm): パッド S6512 ( 全ての導体レイヤー 上)
ErrType(19): パッドがパッドに近すぎます
    @(307.340 mm, 125.889 mm): パッド 2 - S64 ( 全ての導体レイヤー 上)
    @(309.562 mm, 123.985 mm): パッド MXST ( 全ての導体レイヤー 上)
ErrType(19): パッドがパッドに近すぎます
    @(308.134 mm, 147.479 mm): パッド 1 - S65 ( 全ての導体レイヤー 上)
    @(309.562 mm, 150.019 mm): パッド S6512 ( 全ての導体レイヤー 上)
ErrType(19): パッドがパッドに近すぎます
    @(309.562 mm, 150.019 mm): パッド S6512 ( 全ての導体レイヤー 上)
    @(311.944 mm, 150.019 mm): パッド S65 ( 全ての導体レイヤー 上)
ErrType(19): パッドがパッドに近すぎます
    @(309.880 mm, 130.969 mm): パッド S64 ( 全ての導体レイヤー 上)
    @(311.944 mm, 130.969 mm): パッド S692 ( 全ての導体レイヤー 上)
ErrType(19): パッドがパッドに近すぎます
    @(310.674 mm, 155.099 mm): パッド 1 - DF21 ( 全ての導体レイヤー 上)
    @(310.832 mm, 155.099 mm): パッド 2 - DF211 ( 全ての導体レイヤー 上)
ErrType(19): パッドがパッドに近すぎます
    @(311.944 mm, 150.019 mm): パッド S65 ( 全ての導体レイヤー 上)
    @(314.642 mm, 150.019 mm): パッド S6512 ( 全ての導体レイヤー 上)
ErrType(19): パッドがパッドに近すぎます
    @(316.390 mm, 130.970 mm): パッド S69 ( 全ての導体レイヤー 上)
    @(317.024 mm, 130.969 mm): パッド S692 ( 全ての導体レイヤー 上)
ErrType(19): パッドがパッドに近すぎます
    @(319.405 mm, 111.920 mm): パッド S63 ( 全ての導体レイヤー 上)
    @(321.151 mm, 111.919 mm): パッド S68 ( 全ての導体レイヤー 上)
ErrType(19): パッドがパッドに近すぎます
    @(323.533 mm, 73.820 mm): パッド S66 ( 全ての導体レイヤー 上)
    @(324.168 mm, 73.819 mm): パッド S661 ( 全ての導体レイヤー 上)
ErrType(19): パッドがパッドに近すぎます
    @(325.914 mm, 130.969 mm): パッド S691 ( 全ての導体レイヤー 上)
    @(326.550 mm, 130.970 mm): パッド S69 ( 全ての導体レイヤー 上)
ErrType(19): パッドがパッドに近すぎます
    @(326.231 mm, 111.919 mm): パッド S68 ( 全ての導体レイヤー 上)
    @(328.773 mm, 114.300 mm): パッド MXST ( 全ての導体レイヤー 上)
ErrType(19): パッドがパッドに近すぎます
    @(328.295 mm, 92.869 mm): パッド S67 ( 全ての導体レイヤー 上)
    @(328.773 mm, 90.487 mm): パッド MXST ( 全ての導体レイヤー 上)
ErrType(19): パッドがパッドに近すぎます
    @(330.676 mm, 111.919 mm): パッド S682 ( 全ての導体レイヤー 上)
    @(331.311 mm, 111.919 mm): パッド S68 ( 全ての導体レイヤー 上)
ErrType(19): パッドがパッドに近すぎます
    @(330.676 mm, 150.019 mm): パッド S70 ( 全ての導体レイヤー 上)
    @(333.375 mm, 150.019 mm): パッド S7012 ( 全ての導体レイヤー 上)
ErrType(19): パッドがパッドに近すぎます
    @(330.994 mm, 130.969 mm): パッド S691 ( 全ての導体レイヤー 上)
    @(333.058 mm, 130.969 mm): パッド S641 ( 全ての導体レイヤー 上)
ErrType(19): パッドがパッドに近すぎます
    @(331.946 mm, 147.479 mm): パッド 1 - S70 ( 全ての導体レイヤー 上)
    @(333.375 mm, 150.019 mm): パッド S7012 ( 全ての導体レイヤー 上)
ErrType(19): パッドがパッドに近すぎます
    @(333.058 mm, 73.819 mm): パッド S50 ( 全ての導体レイヤー 上)
    @(333.692 mm, 73.820 mm): パッド S66 ( 全ての導体レイヤー 上)
ErrType(19): パッドがパッドに近すぎます
    @(333.375 mm, 123.984 mm): パッド MXST ( 全ての導体レイヤー 上)
    @(333.534 mm, 125.889 mm): パッド 2 - S691 ( 全ての導体レイヤー 上)
ErrType(19): パッドがパッドに近すぎます
    @(333.375 mm, 150.019 mm): パッド S7012 ( 全ての導体レイヤー 上)
    @(335.756 mm, 150.019 mm): パッド S70 ( 全ての導体レイヤー 上)
ErrType(19): パッドがパッドに近すぎます
    @(334.486 mm, 155.099 mm): パッド 1 - DF22 ( 全ての導体レイヤー 上)
    @(334.645 mm, 155.099 mm): パッド 2 - DF221 ( 全ての導体レイヤー 上)
ErrType(19): パッドがパッドに近すぎます
    @(335.756 mm, 102.394 mm): パッド S681 ( 全ての導体レイヤー 上)
    @(338.137 mm, 104.934 mm): パッド MXST ( 全ての導体レイヤー 上)
ErrType(19): パッドがパッドに近すぎます
    @(335.756 mm, 150.019 mm): パッド S70 ( 全ての導体レイヤー 上)
    @(338.455 mm, 150.019 mm): パッド S7012 ( 全ての導体レイヤー 上)
ErrType(19): パッドがパッドに近すぎます
    @(336.074 mm, 130.969 mm): パッド S691 ( 全ての導体レイヤー 上)
    @(338.137 mm, 130.969 mm): パッド S641 ( 全ての導体レイヤー 上)
ErrType(19): パッドがパッドに近すぎます
    @(338.137 mm, 104.934 mm): パッド MXST ( 全ての導体レイヤー 上)
    @(338.296 mm, 106.839 mm): パッド 2 - S682 ( 全ての導体レイヤー 上)
ErrType(19): パッドがパッドに近すぎます
    @(339.408 mm, 68.739 mm): パッド 1 - DB50 ( 全ての導体レイヤー 上)
    @(340.520 mm, 66.835 mm): パッド MXST ( 全ての導体レイヤー 上)
ErrType(51): ドリル穴の間隔が近過ぎます
    @(289.243 mm, 155.099 mm): パッド 1 - DF232 ( 全ての導体レイヤー 上)
    @(289.401 mm, 155.099 mm): パッド 2 - DF23 ( 全ての導体レイヤー 上)
ErrType(51): ドリル穴の間隔が近過ぎます
    @(287.020 mm, 155.099 mm): パッド 2 - DF231 ( 全ての導体レイヤー 上)
    @(286.861 mm, 155.099 mm): パッド 1 - DF23 ( 全ての導体レイヤー 上)
ErrType(51): ドリル穴の間隔が近過ぎます
    @(334.645 mm, 155.099 mm): パッド 2 - DF221 ( 全ての導体レイヤー 上)
    @(334.486 mm, 155.099 mm): パッド 1 - DF22 ( 全ての導体レイヤー 上)
ErrType(51): ドリル穴の間隔が近過ぎます
    @(310.832 mm, 155.099 mm): パッド 2 - DF211 ( 全ての導体レイヤー 上)
    @(310.674 mm, 155.099 mm): パッド 1 - DF21 ( 全ての導体レイヤー 上)
ErrType(51): ドリル穴の間隔が近過ぎます
    @(265.430 mm, 155.099 mm): パッド 1 - DB551 ( 全ての導体レイヤー 上)
    @(265.589 mm, 155.099 mm): パッド 2 - DB55 ( 全ての導体レイヤー 上)
ErrType(51): ドリル穴の間隔が近過ぎます
    @(122.555 mm, 155.099 mm): パッド 1 - DB151 ( 全ての導体レイヤー 上)
    @(122.714 mm, 155.099 mm): パッド 2 - DB15 ( 全ての導体レイヤー 上)
ErrType(51): ドリル穴の間隔が近過ぎます
    @(98.743 mm, 155.099 mm): パッド 1 - DB101 ( 全ての導体レイヤー 上)
    @(98.901 mm, 155.099 mm): パッド 2 - DB10 ( 全ての導体レイヤー 上)
ErrType(51): ドリル穴の間隔が近過ぎます
    @(74.930 mm, 155.099 mm): パッド 1 - DB051 ( 全ての導体レイヤー 上)
    @(75.089 mm, 155.099 mm): パッド 2 - DB05 ( 全ての導体レイヤー 上)
ErrType(51): ドリル穴の間隔が近過ぎます
    @(338.137 mm, 104.934 mm): パッド MXST ( 全ての導体レイヤー 上)
    @(338.296 mm, 106.839 mm): パッド 2 - S682 ( 全ての導体レイヤー 上)
ErrType(51): ドリル穴の間隔が近過ぎます
    @(338.137 mm, 104.934 mm): パッド MXST ( 全ての導体レイヤー 上)
    @(335.756 mm, 102.394 mm): パッド S681 ( 全ての導体レイヤー 上)
ErrType(51): ドリル穴の間隔が近過ぎます
    @(328.773 mm, 90.487 mm): パッド MXST ( 全ての導体レイヤー 上)
    @(328.295 mm, 92.869 mm): パッド S67 ( 全ての導体レイヤー 上)
ErrType(51): ドリル穴の間隔が近過ぎます
    @(328.773 mm, 114.300 mm): パッド MXST ( 全ての導体レイヤー 上)
    @(326.231 mm, 111.919 mm): パッド S68 ( 全ての導体レイヤー 上)
ErrType(51): ドリル穴の間隔が近過ぎます
    @(333.375 mm, 123.984 mm): パッド MXST ( 全ての導体レイヤー 上)
    @(333.534 mm, 125.889 mm): パッド 2 - S691 ( 全ての導体レイヤー 上)
ErrType(51): ドリル穴の間隔が近過ぎます
    @(78.583 mm, 111.920 mm): パッド S03 ( 全ての導体レイヤー 上)
    @(78.900 mm, 111.920 mm): パッド S031 ( 全ての導体レイヤー 上)
ErrType(51): ドリル穴の間隔が近過ぎます
    @(74.773 mm, 109.380 mm): パッド 1 - S03 ( 全ての導体レイヤー 上)
    @(73.820 mm, 111.920 mm): パッド S031 ( 全ての導体レイヤー 上)
ErrType(51): ドリル穴の間隔が近過ぎます
    @(73.503 mm, 111.920 mm): パッド S03 ( 全ての導体レイヤー 上)
    @(73.820 mm, 111.920 mm): パッド S031 ( 全ての導体レイヤー 上)
ErrType(51): ドリル穴の間隔が近過ぎます
    @(323.533 mm, 73.820 mm): パッド S66 ( 全ての導体レイヤー 上)
    @(324.168 mm, 73.819 mm): パッド S661 ( 全ての導体レイヤー 上)
ErrType(51): ドリル穴の間隔が近過ぎます
    @(333.692 mm, 73.820 mm): パッド S66 ( 全ての導体レイヤー 上)
    @(333.058 mm, 73.819 mm): パッド S50 ( 全ての導体レイヤー 上)
ErrType(51): ドリル穴の間隔が近過ぎます
    @(316.390 mm, 130.970 mm): パッド S69 ( 全ての導体レイヤー 上)
    @(317.024 mm, 130.969 mm): パッド S692 ( 全ての導体レイヤー 上)
ErrType(51): ドリル穴の間隔が近過ぎます
    @(326.550 mm, 130.970 mm): パッド S69 ( 全ての導体レイヤー 上)
    @(325.914 mm, 130.969 mm): パッド S691 ( 全ての導体レイヤー 上)
ErrType(51): ドリル穴の間隔が近過ぎます
    @(73.819 mm, 150.019 mm): パッド S05 ( 全ての導体レイヤー 上)
    @(76.200 mm, 149.987 mm): パッド S0512 ( 全ての導体レイヤー 上)
ErrType(51): ドリル穴の間隔が近過ぎます
    @(73.819 mm, 150.019 mm): パッド S05 ( 全ての導体レイヤー 上)
    @(72.390 mm, 147.447 mm): パッド 1 - S0512 ( 全ての導体レイヤー 上)
ErrType(51): ドリル穴の間隔が近過ぎます
    @(73.819 mm, 150.019 mm): パッド S05 ( 全ての導体レイヤー 上)
    @(71.120 mm, 149.987 mm): パッド S0512 ( 全ての導体レイヤー 上)
ErrType(51): ドリル穴の間隔が近過ぎます
    @(78.899 mm, 150.019 mm): パッド S05 ( 全ての導体レイヤー 上)
    @(76.200 mm, 149.987 mm): パッド S0512 ( 全ての導体レイヤー 上)
ErrType(51): ドリル穴の間隔が近過ぎます
    @(121.444 mm, 150.019 mm): パッド S15 ( 全ての導体レイヤー 上)
    @(123.825 mm, 149.987 mm): パッド S151 ( 全ての導体レイヤー 上)
ErrType(51): ドリル穴の間隔が近過ぎます
    @(121.444 mm, 150.019 mm): パッド S15 ( 全ての導体レイヤー 上)
    @(120.015 mm, 147.447 mm): パッド 1 - S151 ( 全ての導体レイヤー 上)
ErrType(51): ドリル穴の間隔が近過ぎます
    @(121.444 mm, 150.019 mm): パッド S15 ( 全ての導体レイヤー 上)
    @(118.745 mm, 149.987 mm): パッド S151 ( 全ての導体レイヤー 上)
ErrType(51): ドリル穴の間隔が近過ぎます
    @(126.524 mm, 150.019 mm): パッド S15 ( 全ての導体レイヤー 上)
    @(123.825 mm, 149.987 mm): パッド S151 ( 全ての導体レイヤー 上)
ErrType(51): ドリル穴の間隔が近過ぎます
    @(192.881 mm, 150.019 mm): パッド S30 ( 全ての導体レイヤー 上)
    @(190.817 mm, 150.019 mm): パッド S302 ( 全ての導体レイヤー 上)
ErrType(51): ドリル穴の間隔が近過ぎます
    @(187.801 mm, 150.019 mm): パッド S30 ( 全ての導体レイヤー 上)
    @(185.738 mm, 150.019 mm): パッド S302 ( 全ての導体レイヤー 上)
ErrType(51): ドリル穴の間隔が近過ぎます
    @(197.961 mm, 150.019 mm): パッド S30 ( 全ての導体レイヤー 上)
    @(199.708 mm, 150.020 mm): パッド S301 ( 全ての導体レイヤー 上)
ErrType(51): ドリル穴の間隔が近過ぎます
    @(264.319 mm, 150.019 mm): パッド S55 ( 全ての導体レイヤー 上)
    @(266.700 mm, 150.019 mm): パッド S552 ( 全ての導体レイヤー 上)
ErrType(51): ドリル穴の間隔が近過ぎます
    @(264.319 mm, 150.019 mm): パッド S55 ( 全ての導体レイヤー 上)
    @(262.890 mm, 147.479 mm): パッド 1 - S552 ( 全ての導体レイヤー 上)
ErrType(51): ドリル穴の間隔が近過ぎます
    @(264.319 mm, 150.019 mm): パッド S55 ( 全ての導体レイヤー 上)
    @(261.620 mm, 150.019 mm): パッド S552 ( 全ての導体レイヤー 上)
ErrType(51): ドリル穴の間隔が近過ぎます
    @(269.399 mm, 150.019 mm): パッド S55 ( 全ての導体レイヤー 上)
    @(266.700 mm, 150.019 mm): パッド S552 ( 全ての導体レイヤー 上)
ErrType(51): ドリル穴の間隔が近過ぎます
    @(288.131 mm, 150.019 mm): パッド S60 ( 全ての導体レイヤー 上)
    @(285.750 mm, 150.019 mm): パッド S601 ( 全ての導体レイヤー 上)
ErrType(51): ドリル穴の間隔が近過ぎます
    @(288.131 mm, 150.019 mm): パッド S60 ( 全ての導体レイヤー 上)
    @(290.830 mm, 150.019 mm): パッド S601 ( 全ての導体レイヤー 上)
ErrType(51): ドリル穴の間隔が近過ぎます
    @(288.131 mm, 150.019 mm): パッド S60 ( 全ての導体レイヤー 上)
    @(290.512 mm, 150.019 mm): パッド S602 ( 全ての導体レイヤー 上)
ErrType(51): ドリル穴の間隔が近過ぎます
    @(288.131 mm, 150.019 mm): パッド S60 ( 全ての導体レイヤー 上)
    @(286.702 mm, 147.479 mm): パッド 1 - S602 ( 全ての導体レイヤー 上)
ErrType(51): ドリル穴の間隔が近過ぎます
    @(288.131 mm, 150.019 mm): パッド S60 ( 全ての導体レイヤー 上)
    @(285.433 mm, 150.019 mm): パッド S602 ( 全ての導体レイヤー 上)
ErrType(51): ドリル穴の間隔が近過ぎます
    @(284.321 mm, 147.479 mm): パッド 1 - S60 ( 全ての導体レイヤー 上)
    @(285.750 mm, 150.019 mm): パッド S601 ( 全ての導体レイヤー 上)
ErrType(51): ドリル穴の間隔が近過ぎます
    @(283.051 mm, 150.019 mm): パッド S60 ( 全ての導体レイヤー 上)
    @(285.750 mm, 150.019 mm): パッド S601 ( 全ての導体レイヤー 上)
ErrType(51): ドリル穴の間隔が近過ぎます
    @(293.211 mm, 150.019 mm): パッド S60 ( 全ての導体レイヤー 上)
    @(290.512 mm, 150.019 mm): パッド S602 ( 全ての導体レイヤー 上)
ErrType(51): ドリル穴の間隔が近過ぎます
    @(311.944 mm, 150.019 mm): パッド S65 ( 全ての導体レイヤー 上)
    @(309.562 mm, 150.019 mm): パッド S6512 ( 全ての導体レイヤー 上)
ErrType(51): ドリル穴の間隔が近過ぎます
    @(311.944 mm, 150.019 mm): パッド S65 ( 全ての導体レイヤー 上)
    @(314.642 mm, 150.019 mm): パッド S6512 ( 全ての導体レイヤー 上)
ErrType(51): ドリル穴の間隔が近過ぎます
    @(308.134 mm, 147.479 mm): パッド 1 - S65 ( 全ての導体レイヤー 上)
    @(309.562 mm, 150.019 mm): パッド S6512 ( 全ての導体レイヤー 上)
ErrType(51): ドリル穴の間隔が近過ぎます
    @(306.864 mm, 150.019 mm): パッド S65 ( 全ての導体レイヤー 上)
    @(309.562 mm, 150.019 mm): パッド S6512 ( 全ての導体レイヤー 上)
ErrType(51): ドリル穴の間隔が近過ぎます
    @(335.756 mm, 150.019 mm): パッド S70 ( 全ての導体レイヤー 上)
    @(333.375 mm, 150.019 mm): パッド S7012 ( 全ての導体レイヤー 上)
ErrType(51): ドリル穴の間隔が近過ぎます
    @(335.756 mm, 150.019 mm): パッド S70 ( 全ての導体レイヤー 上)
    @(338.455 mm, 150.019 mm): パッド S7012 ( 全ての導体レイヤー 上)
ErrType(51): ドリル穴の間隔が近過ぎます
    @(331.946 mm, 147.479 mm): パッド 1 - S70 ( 全ての導体レイヤー 上)
    @(333.375 mm, 150.019 mm): パッド S7012 ( 全ての導体レイヤー 上)
ErrType(51): ドリル穴の間隔が近過ぎます
    @(330.676 mm, 150.019 mm): パッド S70 ( 全ての導体レイヤー 上)
    @(333.375 mm, 150.019 mm): パッド S7012 ( 全ての導体レイヤー 上)
ErrType(51): ドリル穴の間隔が近過ぎます
    @(321.151 mm, 111.919 mm): パッド S68 ( 全ての導体レイヤー 上)
    @(319.405 mm, 111.920 mm): パッド S63 ( 全ての導体レイヤー 上)
ErrType(51): ドリル穴の間隔が近過ぎます
    @(331.311 mm, 111.919 mm): パッド S68 ( 全ての導体レイヤー 上)
    @(330.676 mm, 111.919 mm): パッド S682 ( 全ての導体レイヤー 上)
ErrType(51): ドリル穴の間隔が近過ぎます
    @(78.264 mm, 130.969 mm): パッド S04 ( 全ての導体レイヤー 上)
    @(78.900 mm, 130.970 mm): パッド S041 ( 全ての導体レイヤー 上)
ErrType(51): ドリル穴の間隔が近過ぎます
    @(88.424 mm, 130.969 mm): パッド S04 ( 全ての導体レイヤー 上)
    @(90.170 mm, 130.970 mm): パッド S09 ( 全ての導体レイヤー 上)
ErrType(51): ドリル穴の間隔が近過ぎます
    @(97.631 mm, 150.019 mm): パッド S10 ( 全ての導体レイヤー 上)
    @(99.695 mm, 149.987 mm): パッド S102 ( 全ての導体レイヤー 上)
ErrType(51): ドリル穴の間隔が近過ぎます
    @(97.631 mm, 150.019 mm): パッド S10 ( 全ての導体レイヤー 上)
    @(100.076 mm, 149.987 mm): パッド S101 ( 全ての導体レイヤー 上)
ErrType(51): ドリル穴の間隔が近過ぎます
    @(97.631 mm, 150.019 mm): パッド S10 ( 全ての導体レイヤー 上)
    @(96.266 mm, 147.447 mm): パッド 1 - S101 ( 全ての導体レイヤー 上)
ErrType(51): ドリル穴の間隔が近過ぎます
    @(97.631 mm, 150.019 mm): パッド S10 ( 全ての導体レイヤー 上)
    @(94.996 mm, 149.987 mm): パッド S101 ( 全ての導体レイヤー 上)
ErrType(51): ドリル穴の間隔が近過ぎます
    @(102.711 mm, 150.019 mm): パッド S10 ( 全ての導体レイヤー 上)
    @(104.775 mm, 149.987 mm): パッド S102 ( 全ての導体レイヤー 上)
ErrType(51): ドリル穴の間隔が近過ぎます
    @(102.711 mm, 150.019 mm): パッド S10 ( 全ての導体レイヤー 上)
    @(100.076 mm, 149.987 mm): パッド S101 ( 全ての導体レイヤー 上)
ErrType(51): ドリル穴の間隔が近過ぎます
    @(285.750 mm, 150.019 mm): パッド S601 ( 全ての導体レイヤー 上)
    @(286.702 mm, 147.479 mm): パッド 1 - S602 ( 全ての導体レイヤー 上)
ErrType(51): ドリル穴の間隔が近過ぎます
    @(285.750 mm, 150.019 mm): パッド S601 ( 全ての導体レイヤー 上)
    @(285.433 mm, 150.019 mm): パッド S602 ( 全ての導体レイヤー 上)
ErrType(51): ドリル穴の間隔が近過ぎます
    @(290.830 mm, 150.019 mm): パッド S601 ( 全ての導体レイヤー 上)
    @(290.512 mm, 150.019 mm): パッド S602 ( 全ての導体レイヤー 上)
ErrType(51): ドリル穴の間隔が近過ぎます
    @(338.137 mm, 130.969 mm): パッド S641 ( 全ての導体レイヤー 上)
    @(336.074 mm, 130.969 mm): パッド S691 ( 全ての導体レイヤー 上)
ErrType(51): ドリル穴の間隔が近過ぎます
    @(333.058 mm, 130.969 mm): パッド S641 ( 全ての導体レイヤー 上)
    @(330.994 mm, 130.969 mm): パッド S691 ( 全ての導体レイヤー 上)
ErrType(51): ドリル穴の間隔が近過ぎます
    @(104.775 mm, 149.987 mm): パッド S102 ( 全ての導体レイヤー 上)
    @(105.156 mm, 149.987 mm): パッド S101 ( 全ての導体レイヤー 上)
ErrType(51): ドリル穴の間隔が近過ぎます
    @(100.965 mm, 147.447 mm): パッド 1 - S102 ( 全ての導体レイヤー 上)
    @(100.076 mm, 149.987 mm): パッド S101 ( 全ての導体レイヤー 上)
ErrType(51): ドリル穴の間隔が近過ぎます
    @(99.695 mm, 149.987 mm): パッド S102 ( 全ての導体レイヤー 上)
    @(100.076 mm, 149.987 mm): パッド S101 ( 全ての導体レイヤー 上)
ErrType(51): ドリル穴の間隔が近過ぎます
    @(311.944 mm, 130.969 mm): パッド S692 ( 全ての導体レイヤー 上)
    @(309.880 mm, 130.969 mm): パッド S64 ( 全ての導体レイヤー 上)
ErrType(51): ドリル穴の間隔が近過ぎます
    @(306.864 mm, 130.969 mm): パッド S692 ( 全ての導体レイヤー 上)
    @(304.800 mm, 130.969 mm): パッド S64 ( 全ての導体レイヤー 上)
ErrType(4): 配線がパッドに近すぎます
    @(304.832 mm, 149.512 mm): 配線 0.406 mm [<no net>] ( B.Cu 上、長さ: 0.492 mm )
    @(304.483 mm, 150.019 mm): パッド S6512 ( 全ての導体レイヤー 上)
ErrType(4): 配線がパッドに近すぎます
    @(261.314 mm, 149.860 mm): 配線 0.406 mm [<no net>] ( B.Cu 上、長さ: 0.305 mm )
    @(261.620 mm, 150.019 mm): パッド S552 ( 全ての導体レイヤー 上)
ErrType(4): 配線がパッドに近すぎます
    @(76.200 mm, 153.416 mm): 配線 0.406 mm [/Leds/lcol1] ( B.Cu 上、長さ: 1.796 mm )
    @(77.470 mm, 155.099 mm): パッド 2 - DB051 ( 全ての導体レイヤー 上)
ErrType(4): 配線がパッドに近すぎます
    @(77.470 mm, 154.813 mm): 配線 0.406 mm [/Leds/lcol1] ( B.Cu 上、長さ: 0.286 mm )
    @(77.470 mm, 155.099 mm): パッド 2 - DB051 ( 全ての導体レイヤー 上)
ErrType(4): 配線がパッドに近すぎます
    @(268.986 mm, 156.845 mm): 配線 0.406 mm [/Leds/lcol11] ( F.Cu 上、長さ: 1.437 mm )
    @(267.970 mm, 155.099 mm): パッド 2 - DB551 ( 全ての導体レイヤー 上)
ErrType(4): 配線がパッドに近すぎます
    @(267.970 mm, 155.829 mm): 配線 0.406 mm [/Leds/lcol11] ( F.Cu 上、長さ: 0.730 mm )
    @(267.970 mm, 155.099 mm): パッド 2 - DB551 ( 全ての導体レイヤー 上)
ErrType(4): 配線がパッドに近すぎます
    @(267.970 mm, 155.829 mm): 配線 0.406 mm [/Leds/lcol11] ( F.Cu 上、長さ: 0.730 mm )
    @(267.970 mm, 155.099 mm): パッド 2 - DB551 ( 全ての導体レイヤー 上)
ErrType(4): 配線がパッドに近すぎます
    @(266.954 mm, 156.845 mm): 配線 0.406 mm [/Leds/lcol11] ( F.Cu 上、長さ: 1.437 mm )
    @(267.970 mm, 155.099 mm): パッド 2 - DB551 ( 全ての導体レイヤー 上)
ErrType(4): 配線がパッドに近すぎます
    @(100.457 mm, 153.162 mm): 配線 0.406 mm [/Leds/lcol2] ( B.Cu 上、長さ: 1.167 mm )
    @(101.282 mm, 155.099 mm): パッド 2 - DB101 ( 全ての導体レイヤー 上)
ErrType(4): 配線がパッドに近すぎます
    @(101.282 mm, 153.988 mm): 配線 0.406 mm [/Leds/lcol2] ( B.Cu 上、長さ: 1.111 mm )
    @(101.282 mm, 155.099 mm): パッド 2 - DB101 ( 全ての導体レイヤー 上)
ErrType(4): 配線がパッドに近すぎます
    @(101.282 mm, 155.099 mm): 配線 0.406 mm [/Leds/lcol2] ( B.Cu 上、長さ: 2.223 mm )
    @(101.282 mm, 155.099 mm): パッド 2 - DB101 ( 全ての導体レイヤー 上)
ErrType(4): 配線がパッドに近すぎます
    @(124.079 mm, 156.972 mm): 配線 0.406 mm [/Leds/lcol3] ( F.Cu 上、長さ: 1.437 mm )
    @(125.095 mm, 155.099 mm): パッド 2 - DB151 ( 全ての導体レイヤー 上)
ErrType(4): 配線がパッドに近すぎます
    @(125.095 mm, 155.956 mm): 配線 0.406 mm [/Leds/lcol3] ( F.Cu 上、長さ: 0.857 mm )
    @(125.095 mm, 155.099 mm): パッド 2 - DB151 ( 全ての導体レイヤー 上)
ErrType(4): 配線がパッドに近すぎます
    @(75.009 mm, 155.908 mm): 配線 0.406 mm [/Leds/lrow5] ( B.Cu 上、長さ: 1.685 mm )
    @(74.930 mm, 155.099 mm): パッド 1 - DB051 ( 全ての導体レイヤー 上)
ErrType(4): 配線がパッドに近すぎます
    @(75.009 mm, 155.099 mm): 配線 0.406 mm [/Leds/lrow5] ( B.Cu 上、長さ: 0.809 mm )
    @(74.930 mm, 155.099 mm): パッド 1 - DB051 ( 全ての導体レイヤー 上)
ErrType(4): 配線がパッドに近すぎます
    @(122.634 mm, 156.131 mm): 配線 0.406 mm [/Leds/lrow5] ( B.Cu 上、長さ: 1.032 mm )
    @(122.555 mm, 155.099 mm): パッド 1 - DB151 ( 全ての導体レイヤー 上)
ErrType(4): 配線がパッドに近すぎます
    @(121.666 mm, 157.099 mm): 配線 0.406 mm [/Leds/lrow5] ( B.Cu 上、長さ: 1.369 mm )
    @(122.555 mm, 155.099 mm): パッド 1 - DB151 ( 全ての導体レイヤー 上)
ErrType(4): 配線がパッドに近すぎます
    @(98.821 mm, 156.195 mm): 配線 0.406 mm [/Leds/lrow5] ( B.Cu 上、長さ: 1.096 mm )
    @(98.743 mm, 155.099 mm): パッド 1 - DB101 ( 全ての導体レイヤー 上)
ErrType(4): 配線がパッドに近すぎます
    @(97.917 mm, 157.099 mm): 配線 0.406 mm [/Leds/lrow5] ( B.Cu 上、長さ: 1.279 mm )
    @(98.743 mm, 155.099 mm): パッド 1 - DB101 ( 全ての導体レイヤー 上)
ErrType(4): 配線がパッドに近すぎます
    @(264.160 mm, 153.670 mm): 配線 0.406 mm [/Leds/lrow5] ( B.Cu 上、長さ: 2.021 mm )
    @(265.430 mm, 155.099 mm): パッド 1 - DB551 ( 全ての導体レイヤー 上)
ErrType(4): 配線がパッドに近すぎます
    @(338.296 mm, 106.839 mm): 配線 0.406 mm [/row3] ( F.Cu 上、長さ: 1.016 mm )
    @(338.137 mm, 104.934 mm): パッド MXST ( 全ての導体レイヤー 上)
ErrType(4): 配線がパッドに近すぎます
    @(334.327 mm, 126.683 mm): 配線 0.406 mm [/row4] ( F.Cu 上、長さ: 1.123 mm )
    @(333.375 mm, 123.984 mm): パッド MXST ( 全ての導体レイヤー 上)
ErrType(4): 配線がパッドに近すぎます
    @(331.946 mm, 154.940 mm): 配線 0.406 mm [Net-(DF22-Pad2)] ( F.Cu 上、長さ: 0.225 mm )
    @(332.105 mm, 155.099 mm): パッド 1 - DF221 ( 全ての導体レイヤー 上)
ErrType(4): 配線がパッドに近すぎます
    @(332.105 mm, 154.305 mm): 配線 0.406 mm [Net-(DF22-Pad2)] ( F.Cu 上、長さ: 1.257 mm )
    @(332.105 mm, 155.099 mm): パッド 1 - DF221 ( 全ての導体レイヤー 上)
ErrType(4): 配線がパッドに近すぎます
    @(332.105 mm, 155.099 mm): 配線 0.406 mm [Net-(DF22-Pad2)] ( F.Cu 上、長さ: 0.794 mm )
    @(332.105 mm, 155.099 mm): パッド 1 - DF221 ( 全ての導体レイヤー 上)
ErrType(4): 配線がパッドに近すぎます
    @(324.644 mm, 155.099 mm): 配線 0.406 mm [Net-(DF22-Pad2)] ( F.Cu 上、長さ: 7.461 mm )
    @(332.105 mm, 155.099 mm): パッド 1 - DF221 ( 全ての導体レイヤー 上)
ErrType(4): 配線がパッドに近すぎます
    @(283.083 mm, 157.607 mm): 配線 0.406 mm [Net-(DF23-Pad2)] ( F.Cu 上、長さ: 1.976 mm )
    @(284.480 mm, 155.099 mm): パッド 1 - DF231 ( 全ての導体レイヤー 上)
ErrType(4): 配線がパッドに近すぎます
    @(284.480 mm, 156.210 mm): 配線 0.406 mm [Net-(DF23-Pad2)] ( F.Cu 上、長さ: 1.111 mm )
    @(284.480 mm, 155.099 mm): パッド 1 - DF231 ( 全ての導体レイヤー 上)
ErrType(4): 配線がパッドに近すぎます
    @(287.909 mm, 157.607 mm): 配線 0.406 mm [Net-(DF23-Pad2)] ( F.Cu 上、長さ: 1.997 mm )
    @(289.243 mm, 155.099 mm): パッド 1 - DF232 ( 全ての導体レイヤー 上)
ErrType(4): 配線がパッドに近すぎます
    @(289.321 mm, 156.195 mm): 配線 0.406 mm [Net-(DF23-Pad2)] ( F.Cu 上、長さ: 1.096 mm )
    @(289.243 mm, 155.099 mm): パッド 1 - DF232 ( 全ての導体レイヤー 上)
ErrType(4): 配線がパッドに近すぎます
    @(308.134 mm, 154.940 mm): 配線 0.406 mm [Net-(DF21-Pad2)] ( F.Cu 上、長さ: 0.225 mm )
    @(308.293 mm, 155.099 mm): パッド 1 - DF211 ( 全ての導体レイヤー 上)
ErrType(4): 配線がパッドに近すぎます
    @(308.293 mm, 155.099 mm): 配線 0.406 mm [Net-(DF21-Pad2)] ( F.Cu 上、長さ: 0.730 mm )
    @(308.293 mm, 155.099 mm): パッド 1 - DF211 ( 全ての導体レイヤー 上)
ErrType(4): 配線がパッドに近すぎます
    @(308.293 mm, 154.369 mm): 配線 0.406 mm [Net-(DF21-Pad2)] ( F.Cu 上、長さ: 0.988 mm )
    @(308.293 mm, 155.099 mm): パッド 1 - DF211 ( 全ての導体レイヤー 上)
ErrType(4): 配線がパッドに近すぎます
    @(301.149 mm, 155.099 mm): 配線 0.406 mm [Net-(DF21-Pad2)] ( F.Cu 上、長さ: 7.144 mm )
    @(308.293 mm, 155.099 mm): パッド 1 - DF211 ( 全ての導体レイヤー 上)
ErrType(4): 配線がパッドに近すぎます
    @(334.566 mm, 156.543 mm): 配線 0.508 mm [VCC] ( B.Cu 上、長さ: 1.444 mm )
    @(334.645 mm, 155.099 mm): パッド 2 - DF221 ( 全ての導体レイヤー 上)
ErrType(4): 配線がパッドに近すぎます
    @(310.674 mm, 155.099 mm): 配線 0.508 mm [VCC] ( B.Cu 上、長さ: 1.587 mm )
    @(310.832 mm, 155.099 mm): パッド 2 - DF211 ( 全ての導体レイヤー 上)
ErrType(4): 配線がパッドに近すぎます
    @(286.941 mm, 155.099 mm): 配線 0.508 mm [VCC] ( B.Cu 上、長さ: 1.698 mm )
    @(287.020 mm, 155.099 mm): パッド 2 - DF231 ( 全ての導体レイヤー 上)
ErrType(4): 配線がパッドに近すぎます
    @(291.783 mm, 155.099 mm): 配線 0.508 mm [VCC] ( B.Cu 上、長さ: 1.810 mm )
    @(291.783 mm, 155.099 mm): パッド 2 - DF232 ( 全ての導体レイヤー 上)

** Found 17 unconnected pads **
ErrType(2): 未配線アイテム
    @(76.200 mm, 153.416 mm): 配線 0.406 mm [/Leds/lcol1] ( B.Cu 上、長さ: 2.667 mm )
    @(74.930 mm, 155.099 mm): パッド 1 - DB051 ( 全ての導体レイヤー 上)
ErrType(2): 未配線アイテム
    @(264.795 mm, 156.845 mm): 配線 0.406 mm [/Leds/lcol11] ( F.Cu 上、長さ: 2.159 mm )
    @(265.430 mm, 155.099 mm): パッド 1 - DB551 ( 全ての導体レイヤー 上)
ErrType(2): 未配線アイテム
    @(98.743 mm, 155.099 mm): パッド 1 - DB101 ( 全ての導体レイヤー 上)
    @(96.361 mm, 155.099 mm): パッド 1 - DB10 ( 全ての導体レイヤー 上)
ErrType(2): 未配線アイテム
    @(122.555 mm, 155.099 mm): パッド 1 - DB151 ( 全ての導体レイヤー 上)
    @(121.158 mm, 156.972 mm): 配線 0.406 mm [/Leds/lcol3] ( F.Cu 上、長さ: 1.392 mm )
ErrType(2): 未配線アイテム
    @(77.470 mm, 155.099 mm): パッド 2 - DB051 ( 全ての導体レイヤー 上)
    @(76.200 mm, 157.099 mm): 配線 0.406 mm [/Leds/lrow5] ( B.Cu 上、長さ: 21.590 mm )
ErrType(2): 未配線アイテム
    @(101.282 mm, 155.099 mm): パッド 2 - DB101 ( 全ての導体レイヤー 上)
    @(98.901 mm, 155.099 mm): パッド 2 - DB10 ( 全ての導体レイヤー 上)
ErrType(2): 未配線アイテム
    @(125.095 mm, 155.099 mm): パッド 2 - DB151 ( 全ての導体レイヤー 上)
    @(122.714 mm, 155.099 mm): パッド 2 - DB15 ( 全ての導体レイヤー 上)
ErrType(2): 未配線アイテム
    @(267.970 mm, 155.099 mm): パッド 2 - DB551 ( 全ての導体レイヤー 上)
    @(265.589 mm, 155.099 mm): 配線 0.406 mm [/Leds/lrow5] ( B.Cu 上、長さ: 2.021 mm )
ErrType(2): 未配線アイテム
    @(82.393 mm, 117.000 mm): 配線 0.508 mm [VCC] ( B.Cu 上、長さ: 0.287 mm )
    @(82.393 mm, 117.000 mm): 配線 0.508 mm [VCC] ( F.Cu 上、長さ: 0.886 mm )
ErrType(2): 未配線アイテム
    @(286.941 mm, 155.099 mm): 配線 0.508 mm [VCC] ( B.Cu 上、長さ: 1.698 mm )
    @(289.243 mm, 155.099 mm): パッド 1 - DF232 ( 全ての導体レイヤー 上)
ErrType(2): 未配線アイテム
    @(286.861 mm, 155.099 mm): パッド 1 - DF23 ( 全ての導体レイヤー 上)
    @(284.480 mm, 155.099 mm): パッド 1 - DF231 ( 全ての導体レイヤー 上)
ErrType(2): 未配線アイテム
    @(332.105 mm, 155.099 mm): パッド 1 - DF221 ( 全ての導体レイヤー 上)
    @(334.486 mm, 155.099 mm): パッド 1 - DF22 ( 全ての導体レイヤー 上)
ErrType(2): 未配線アイテム
    @(308.293 mm, 155.099 mm): パッド 1 - DF211 ( 全ての導体レイヤー 上)
    @(310.674 mm, 155.099 mm): 配線 0.508 mm [VCC] ( B.Cu 上、長さ: 1.587 mm )
ErrType(2): 未配線アイテム
    @(310.832 mm, 155.099 mm): パッド 2 - DF211 ( 全ての導体レイヤー 上)
    @(312.547 mm, 153.670 mm): 配線 0.406 mm [Net-(DF21-Pad2)] ( F.Cu 上、長さ: 0.943 mm )
ErrType(2): 未配線アイテム
    @(336.169 mm, 153.416 mm): 配線 0.406 mm [Net-(DF22-Pad2)] ( F.Cu 上、長さ: 1.212 mm )
    @(334.645 mm, 155.099 mm): パッド 2 - DF221 ( 全ての導体レイヤー 上)
ErrType(2): 未配線アイテム
    @(289.321 mm, 155.099 mm): 配線 0.406 mm [Net-(DF23-Pad2)] ( F.Cu 上、長さ: 1.096 mm )
    @(287.020 mm, 155.099 mm): パッド 2 - DF231 ( 全ての導体レイヤー 上)
ErrType(2): 未配線アイテム
    @(289.401 mm, 155.099 mm): パッド 2 - DF23 ( 全ての導体レイヤー 上)
    @(291.783 mm, 155.099 mm): パッド 2 - DF232 ( 全ての導体レイヤー 上)

** End of Report **
